<!DOCTYPE html>
<link rel="stylesheet" href="./css/app.css"><p>b1</p>
<script src="./js/app.js"></script>
