<!DOCTYPE html>
<link rel="stylesheet" href="./css/app2.css"><p>a2</p>
<script src="./js/app2.js"></script>
