<!DOCTYPE html>
<link rel="stylesheet" href="./css/app.css"><p>a1</p><script src="./js/app.js"></script>
